Archive member included because of file (symbol)

c:/program files/atmel/avr tools/avr toolchain/bin/../lib/gcc/avr/4.7.2/avr4\libgcc.a(_udivmodqi4.o)
                              ./main.o (__udivmodqi4)
c:/program files/atmel/avr tools/avr toolchain/bin/../lib/gcc/avr/4.7.2/avr4\libgcc.a(_udivmodhi4.o)
                              ./I2C_TWI/i2c_twi.o (__udivmodhi4)
c:/program files/atmel/avr tools/avr toolchain/bin/../lib/gcc/avr/4.7.2/avr4\libgcc.a(_exit.o)
                              c:/program files/atmel/avr tools/avr toolchain/bin/../lib/gcc/avr/4.7.2/../../../../avr/lib/avr4/crtm88p.o (exit)
c:/program files/atmel/avr tools/avr toolchain/bin/../lib/gcc/avr/4.7.2/avr4\libgcc.a(_copy_data.o)
                              ./d_led.o (__do_copy_data)
c:/program files/atmel/avr tools/avr toolchain/bin/../lib/gcc/avr/4.7.2/avr4\libgcc.a(_clear_bss.o)
                              ./DEBOUNCE/debounce.o (__do_clear_bss)

Allocating common symbols
Common symbol       size              file

digit4              0x1               ./d_led.o
timer0              0x2               ./DEBOUNCE/debounce.o
timer2              0x2               ./DEBOUNCE/debounce.o
digit2              0x1               ./d_led.o
digit3              0x1               ./d_led.o
bufor               0x4               ./main.o
timer1              0x2               ./DEBOUNCE/debounce.o
digit1              0x1               ./d_led.o

Memory Configuration

Name             Origin             Length             Attributes
text             0x00000000         0x00002000         xr
data             0x00800060         0x0000ffa0         rw !x
eeprom           0x00810000         0x00010000         rw !x
fuse             0x00820000         0x00000400         rw !x
lock             0x00830000         0x00000400         rw !x
signature        0x00840000         0x00000400         rw !x
user_signatures  0x00850000         0x00000400         rw !x
*default*        0x00000000         0xffffffff

Linker script and memory map

Address of section .data set to 0x800100
LOAD c:/program files/atmel/avr tools/avr toolchain/bin/../lib/gcc/avr/4.7.2/../../../../avr/lib/avr4/crtm88p.o
LOAD ./I2C_TWI/i2c_twi.o
LOAD ./DEBOUNCE/debounce.o
LOAD ./d_led.o
LOAD ./main.o
LOAD c:/program files/atmel/avr tools/avr toolchain/bin/../lib/gcc/avr/4.7.2/avr4\libgcc.a
LOAD c:/program files/atmel/avr tools/avr toolchain/bin/../lib/gcc/avr/4.7.2/../../../../avr/lib/avr4\libc.a
LOAD c:/program files/atmel/avr tools/avr toolchain/bin/../lib/gcc/avr/4.7.2/avr4\libgcc.a

.hash
 *(.hash)

.dynsym
 *(.dynsym)

.dynstr
 *(.dynstr)

.gnu.version
 *(.gnu.version)

.gnu.version_d
 *(.gnu.version_d)

.gnu.version_r
 *(.gnu.version_r)

.rel.init
 *(.rel.init)

.rela.init
 *(.rela.init)

.rel.text
 *(.rel.text)
 *(.rel.text.*)
 *(.rel.gnu.linkonce.t*)

.rela.text
 *(.rela.text)
 *(.rela.text.*)
 *(.rela.gnu.linkonce.t*)

.rel.fini
 *(.rel.fini)

.rela.fini
 *(.rela.fini)

.rel.rodata
 *(.rel.rodata)
 *(.rel.rodata.*)
 *(.rel.gnu.linkonce.r*)

.rela.rodata
 *(.rela.rodata)
 *(.rela.rodata.*)
 *(.rela.gnu.linkonce.r*)

.rel.data
 *(.rel.data)
 *(.rel.data.*)
 *(.rel.gnu.linkonce.d*)

.rela.data
 *(.rela.data)
 *(.rela.data.*)
 *(.rela.gnu.linkonce.d*)

.rel.ctors
 *(.rel.ctors)

.rela.ctors
 *(.rela.ctors)

.rel.dtors
 *(.rel.dtors)

.rela.dtors
 *(.rela.dtors)

.rel.got
 *(.rel.got)

.rela.got
 *(.rela.got)

.rel.bss
 *(.rel.bss)

.rela.bss
 *(.rela.bss)

.rel.plt
 *(.rel.plt)

.rela.plt
 *(.rela.plt)

.text           0x00000000      0x60e
 *(.vectors)
 .vectors       0x00000000       0x34 c:/program files/atmel/avr tools/avr toolchain/bin/../lib/gcc/avr/4.7.2/../../../../avr/lib/avr4/crtm88p.o
                0x00000000                __vector_default
                0x00000000                __vectors
 *(.vectors)
 *(.progmem.gcc*)
 *(.progmem*)
 .progmem.data.digits
                0x00000034        0xb ./d_led.o
                0x00000034                digits
                0x00000040                . = ALIGN (0x2)
 *fill*         0x0000003f        0x1 
                0x00000040                __trampolines_start = .
 *(.trampolines)
 .trampolines   0x00000040        0x0 linker stubs
 *(.trampolines*)
                0x00000040                __trampolines_end = .
 *(.jumptables)
 *(.jumptables*)
 *(.lowtext)
 *(.lowtext*)
                0x00000040                __ctors_start = .
 *(.ctors)
                0x00000040                __ctors_end = .
                0x00000040                __dtors_start = .
 *(.dtors)
                0x00000040                __dtors_end = .
 SORT(*)(.ctors)
 SORT(*)(.dtors)
 *(.init0)
 .init0         0x00000040        0x0 c:/program files/atmel/avr tools/avr toolchain/bin/../lib/gcc/avr/4.7.2/../../../../avr/lib/avr4/crtm88p.o
                0x00000040                __init
 *(.init0)
 *(.init1)
 *(.init1)
 *(.init2)
 .init2         0x00000040        0xc c:/program files/atmel/avr tools/avr toolchain/bin/../lib/gcc/avr/4.7.2/../../../../avr/lib/avr4/crtm88p.o
 *(.init2)
 *(.init3)
 *(.init3)
 *(.init4)
 .init4         0x0000004c       0x16 c:/program files/atmel/avr tools/avr toolchain/bin/../lib/gcc/avr/4.7.2/avr4\libgcc.a(_copy_data.o)
                0x0000004c                __do_copy_data
 .init4         0x00000062       0x10 c:/program files/atmel/avr tools/avr toolchain/bin/../lib/gcc/avr/4.7.2/avr4\libgcc.a(_clear_bss.o)
                0x00000062                __do_clear_bss
 *(.init4)
 *(.init5)
 *(.init5)
 *(.init6)
 *(.init6)
 *(.init7)
 *(.init7)
 *(.init8)
 *(.init8)
 *(.init9)
 .init9         0x00000072        0x4 c:/program files/atmel/avr tools/avr toolchain/bin/../lib/gcc/avr/4.7.2/../../../../avr/lib/avr4/crtm88p.o
 *(.init9)
 *(.text)
 .text          0x00000076        0x2 c:/program files/atmel/avr tools/avr toolchain/bin/../lib/gcc/avr/4.7.2/../../../../avr/lib/avr4/crtm88p.o
                0x00000076                __vector_22
                0x00000076                __vector_24
                0x00000076                __vector_12
                0x00000076                __bad_interrupt
                0x00000076                __vector_6
                0x00000076                __vector_3
                0x00000076                __vector_23
                0x00000076                __vector_25
                0x00000076                __vector_11
                0x00000076                __vector_13
                0x00000076                __vector_17
                0x00000076                __vector_19
                0x00000076                __vector_5
                0x00000076                __vector_4
                0x00000076                __vector_9
                0x00000076                __vector_2
                0x00000076                __vector_21
                0x00000076                __vector_15
                0x00000076                __vector_8
                0x00000076                __vector_10
                0x00000076                __vector_16
                0x00000076                __vector_18
                0x00000076                __vector_20
 .text          0x00000078        0x0 ./I2C_TWI/i2c_twi.o
 .text          0x00000078        0x0 ./DEBOUNCE/debounce.o
 .text          0x00000078        0x0 ./d_led.o
 .text          0x00000078        0x0 ./main.o
 .text          0x00000078        0x0 c:/program files/atmel/avr tools/avr toolchain/bin/../lib/gcc/avr/4.7.2/avr4\libgcc.a(_udivmodqi4.o)
 .text          0x00000078        0x0 c:/program files/atmel/avr tools/avr toolchain/bin/../lib/gcc/avr/4.7.2/avr4\libgcc.a(_udivmodhi4.o)
 .text          0x00000078        0x0 c:/program files/atmel/avr tools/avr toolchain/bin/../lib/gcc/avr/4.7.2/avr4\libgcc.a(_exit.o)
 .text          0x00000078        0x0 c:/program files/atmel/avr tools/avr toolchain/bin/../lib/gcc/avr/4.7.2/avr4\libgcc.a(_copy_data.o)
 .text          0x00000078        0x0 c:/program files/atmel/avr tools/avr toolchain/bin/../lib/gcc/avr/4.7.2/avr4\libgcc.a(_clear_bss.o)
                0x00000078                . = ALIGN (0x2)
 *(.text.*)
 .text.i2cSetBitrate
                0x00000078       0x26 ./I2C_TWI/i2c_twi.o
                0x00000078                i2cSetBitrate
 .text.TWI_start
                0x0000009e       0x10 ./I2C_TWI/i2c_twi.o
                0x0000009e                TWI_start
 .text.TWI_stop
                0x000000ae       0x10 ./I2C_TWI/i2c_twi.o
                0x000000ae                TWI_stop
 .text.TWI_write
                0x000000be       0x14 ./I2C_TWI/i2c_twi.o
                0x000000be                TWI_write
 .text.TWI_read
                0x000000d2       0x1e ./I2C_TWI/i2c_twi.o
                0x000000d2                TWI_read
 .text.TWI_write_buf
                0x000000f0       0x54 ./I2C_TWI/i2c_twi.o
                0x000000f0                TWI_write_buf
 .text.TWI_read_buf
                0x00000144       0x54 ./I2C_TWI/i2c_twi.o
                0x00000144                TWI_read_buf
 .text.program_timer_init
                0x00000198       0x26 ./DEBOUNCE/debounce.o
                0x00000198                program_timer_init
 .text.SuperDebounce
                0x000001be      0x10c ./DEBOUNCE/debounce.o
                0x000001be                SuperDebounce
 .text.__vector_7
                0x000002ca       0x5e ./DEBOUNCE/debounce.o
                0x000002ca                __vector_7
 .text.led_disp_init
                0x00000328       0x3e ./d_led.o
                0x00000328                led_disp_init
 .text.__vector_14
                0x00000366       0xa2 ./d_led.o
                0x00000366                __vector_14
 .text.__vector_1
                0x00000408       0x1e ./main.o
                0x00000408                __vector_1
 .text.dec2bcd  0x00000426       0x12 ./main.o
                0x00000426                dec2bcd
 .text.bcd2dec  0x00000438       0x12 ./main.o
                0x00000438                bcd2dec
 .text.inc_min  0x0000044a       0x58 ./main.o
                0x0000044a                inc_min
 .text.inc_godz
                0x000004a2       0x58 ./main.o
                0x000004a2                inc_godz
 .text.startup.main
                0x000004fa       0xd0 ./main.o
                0x000004fa                main
 .text.libgcc.mul
                0x000005ca        0x0 c:/program files/atmel/avr tools/avr toolchain/bin/../lib/gcc/avr/4.7.2/avr4\libgcc.a(_udivmodqi4.o)
 .text.libgcc.div
                0x000005ca       0x18 c:/program files/atmel/avr tools/avr toolchain/bin/../lib/gcc/avr/4.7.2/avr4\libgcc.a(_udivmodqi4.o)
                0x000005ca                __udivmodqi4
 .text.libgcc   0x000005e2        0x0 c:/program files/atmel/avr tools/avr toolchain/bin/../lib/gcc/avr/4.7.2/avr4\libgcc.a(_udivmodqi4.o)
 .text.libgcc.prologue
                0x000005e2        0x0 c:/program files/atmel/avr tools/avr toolchain/bin/../lib/gcc/avr/4.7.2/avr4\libgcc.a(_udivmodqi4.o)
 .text.libgcc.builtins
                0x000005e2        0x0 c:/program files/atmel/avr tools/avr toolchain/bin/../lib/gcc/avr/4.7.2/avr4\libgcc.a(_udivmodqi4.o)
 .text.libgcc.fmul
                0x000005e2        0x0 c:/program files/atmel/avr tools/avr toolchain/bin/../lib/gcc/avr/4.7.2/avr4\libgcc.a(_udivmodqi4.o)
 .text.libgcc.mul
                0x000005e2        0x0 c:/program files/atmel/avr tools/avr toolchain/bin/../lib/gcc/avr/4.7.2/avr4\libgcc.a(_udivmodhi4.o)
 .text.libgcc.div
                0x000005e2       0x28 c:/program files/atmel/avr tools/avr toolchain/bin/../lib/gcc/avr/4.7.2/avr4\libgcc.a(_udivmodhi4.o)
                0x000005e2                __udivmodhi4
 .text.libgcc   0x0000060a        0x0 c:/program files/atmel/avr tools/avr toolchain/bin/../lib/gcc/avr/4.7.2/avr4\libgcc.a(_udivmodhi4.o)
 .text.libgcc.prologue
                0x0000060a        0x0 c:/program files/atmel/avr tools/avr toolchain/bin/../lib/gcc/avr/4.7.2/avr4\libgcc.a(_udivmodhi4.o)
 .text.libgcc.builtins
                0x0000060a        0x0 c:/program files/atmel/avr tools/avr toolchain/bin/../lib/gcc/avr/4.7.2/avr4\libgcc.a(_udivmodhi4.o)
 .text.libgcc.fmul
                0x0000060a        0x0 c:/program files/atmel/avr tools/avr toolchain/bin/../lib/gcc/avr/4.7.2/avr4\libgcc.a(_udivmodhi4.o)
 .text.libgcc.mul
                0x0000060a        0x0 c:/program files/atmel/avr tools/avr toolchain/bin/../lib/gcc/avr/4.7.2/avr4\libgcc.a(_exit.o)
 .text.libgcc.div
                0x0000060a        0x0 c:/program files/atmel/avr tools/avr toolchain/bin/../lib/gcc/avr/4.7.2/avr4\libgcc.a(_exit.o)
 .text.libgcc   0x0000060a        0x0 c:/program files/atmel/avr tools/avr toolchain/bin/../lib/gcc/avr/4.7.2/avr4\libgcc.a(_exit.o)
 .text.libgcc.prologue
                0x0000060a        0x0 c:/program files/atmel/avr tools/avr toolchain/bin/../lib/gcc/avr/4.7.2/avr4\libgcc.a(_exit.o)
 .text.libgcc.builtins
                0x0000060a        0x0 c:/program files/atmel/avr tools/avr toolchain/bin/../lib/gcc/avr/4.7.2/avr4\libgcc.a(_exit.o)
 .text.libgcc.fmul
                0x0000060a        0x0 c:/program files/atmel/avr tools/avr toolchain/bin/../lib/gcc/avr/4.7.2/avr4\libgcc.a(_exit.o)
 .text.libgcc.mul
                0x0000060a        0x0 c:/program files/atmel/avr tools/avr toolchain/bin/../lib/gcc/avr/4.7.2/avr4\libgcc.a(_copy_data.o)
 .text.libgcc.div
                0x0000060a        0x0 c:/program files/atmel/avr tools/avr toolchain/bin/../lib/gcc/avr/4.7.2/avr4\libgcc.a(_copy_data.o)
 .text.libgcc   0x0000060a        0x0 c:/program files/atmel/avr tools/avr toolchain/bin/../lib/gcc/avr/4.7.2/avr4\libgcc.a(_copy_data.o)
 .text.libgcc.prologue
                0x0000060a        0x0 c:/program files/atmel/avr tools/avr toolchain/bin/../lib/gcc/avr/4.7.2/avr4\libgcc.a(_copy_data.o)
 .text.libgcc.builtins
                0x0000060a        0x0 c:/program files/atmel/avr tools/avr toolchain/bin/../lib/gcc/avr/4.7.2/avr4\libgcc.a(_copy_data.o)
 .text.libgcc.fmul
                0x0000060a        0x0 c:/program files/atmel/avr tools/avr toolchain/bin/../lib/gcc/avr/4.7.2/avr4\libgcc.a(_copy_data.o)
 .text.libgcc.mul
                0x0000060a        0x0 c:/program files/atmel/avr tools/avr toolchain/bin/../lib/gcc/avr/4.7.2/avr4\libgcc.a(_clear_bss.o)
 .text.libgcc.div
                0x0000060a        0x0 c:/program files/atmel/avr tools/avr toolchain/bin/../lib/gcc/avr/4.7.2/avr4\libgcc.a(_clear_bss.o)
 .text.libgcc   0x0000060a        0x0 c:/program files/atmel/avr tools/avr toolchain/bin/../lib/gcc/avr/4.7.2/avr4\libgcc.a(_clear_bss.o)
 .text.libgcc.prologue
                0x0000060a        0x0 c:/program files/atmel/avr tools/avr toolchain/bin/../lib/gcc/avr/4.7.2/avr4\libgcc.a(_clear_bss.o)
 .text.libgcc.builtins
                0x0000060a        0x0 c:/program files/atmel/avr tools/avr toolchain/bin/../lib/gcc/avr/4.7.2/avr4\libgcc.a(_clear_bss.o)
 .text.libgcc.fmul
                0x0000060a        0x0 c:/program files/atmel/avr tools/avr toolchain/bin/../lib/gcc/avr/4.7.2/avr4\libgcc.a(_clear_bss.o)
                0x0000060a                . = ALIGN (0x2)
 *(.fini9)
 .fini9         0x0000060a        0x0 c:/program files/atmel/avr tools/avr toolchain/bin/../lib/gcc/avr/4.7.2/avr4\libgcc.a(_exit.o)
                0x0000060a                _exit
                0x0000060a                exit
 *(.fini9)
 *(.fini8)
 *(.fini8)
 *(.fini7)
 *(.fini7)
 *(.fini6)
 *(.fini6)
 *(.fini5)
 *(.fini5)
 *(.fini4)
 *(.fini4)
 *(.fini3)
 *(.fini3)
 *(.fini2)
 *(.fini2)
 *(.fini1)
 *(.fini1)
 *(.fini0)
 .fini0         0x0000060a        0x4 c:/program files/atmel/avr tools/avr toolchain/bin/../lib/gcc/avr/4.7.2/avr4\libgcc.a(_exit.o)
 *(.fini0)
                0x0000060e                _etext = .

.data           0x00800100        0x4 load address 0x0000060e
                0x00800100                PROVIDE (__data_start, .)
 *(.data)
 .data          0x00800100        0x0 c:/program files/atmel/avr tools/avr toolchain/bin/../lib/gcc/avr/4.7.2/../../../../avr/lib/avr4/crtm88p.o
 .data          0x00800100        0x0 ./I2C_TWI/i2c_twi.o
 .data          0x00800100        0x0 ./DEBOUNCE/debounce.o
 .data          0x00800100        0x0 ./d_led.o
 .data          0x00800100        0x0 ./main.o
 .data          0x00800100        0x0 c:/program files/atmel/avr tools/avr toolchain/bin/../lib/gcc/avr/4.7.2/avr4\libgcc.a(_udivmodqi4.o)
 .data          0x00800100        0x0 c:/program files/atmel/avr tools/avr toolchain/bin/../lib/gcc/avr/4.7.2/avr4\libgcc.a(_udivmodhi4.o)
 .data          0x00800100        0x0 c:/program files/atmel/avr tools/avr toolchain/bin/../lib/gcc/avr/4.7.2/avr4\libgcc.a(_exit.o)
 .data          0x00800100        0x0 c:/program files/atmel/avr tools/avr toolchain/bin/../lib/gcc/avr/4.7.2/avr4\libgcc.a(_copy_data.o)
 .data          0x00800100        0x0 c:/program files/atmel/avr tools/avr toolchain/bin/../lib/gcc/avr/4.7.2/avr4\libgcc.a(_clear_bss.o)
 *(.data*)
 .data.cnt.1529
                0x00800100        0x1 ./d_led.o
 .data.int0_flag
                0x00800101        0x1 ./main.o
                0x00800101                int0_flag
 .data.min      0x00800102        0x1 ./main.o
                0x00800102                min
 .data.godz     0x00800103        0x1 ./main.o
                0x00800103                godz
 *(.rodata)
 *(.rodata*)
 *(.gnu.linkonce.d*)
                0x00800104                . = ALIGN (0x2)
                0x00800104                _edata = .
                0x00800104                PROVIDE (__data_end, .)

.bss            0x00800104       0x11
                0x00800104                PROVIDE (__bss_start, .)
 *(.bss)
 .bss           0x00800104        0x0 c:/program files/atmel/avr tools/avr toolchain/bin/../lib/gcc/avr/4.7.2/../../../../avr/lib/avr4/crtm88p.o
 .bss           0x00800104        0x0 ./I2C_TWI/i2c_twi.o
 .bss           0x00800104        0x0 ./DEBOUNCE/debounce.o
 .bss           0x00800104        0x0 ./d_led.o
 .bss           0x00800104        0x0 ./main.o
 .bss           0x00800104        0x0 c:/program files/atmel/avr tools/avr toolchain/bin/../lib/gcc/avr/4.7.2/avr4\libgcc.a(_udivmodqi4.o)
 .bss           0x00800104        0x0 c:/program files/atmel/avr tools/avr toolchain/bin/../lib/gcc/avr/4.7.2/avr4\libgcc.a(_udivmodhi4.o)
 .bss           0x00800104        0x0 c:/program files/atmel/avr tools/avr toolchain/bin/../lib/gcc/avr/4.7.2/avr4\libgcc.a(_exit.o)
 .bss           0x00800104        0x0 c:/program files/atmel/avr tools/avr toolchain/bin/../lib/gcc/avr/4.7.2/avr4\libgcc.a(_copy_data.o)
 .bss           0x00800104        0x0 c:/program files/atmel/avr tools/avr toolchain/bin/../lib/gcc/avr/4.7.2/avr4\libgcc.a(_clear_bss.o)
 *(.bss*)
 .bss.last_key.1390
                0x00800104        0x1 ./DEBOUNCE/debounce.o
 .bss.key_state.1389
                0x00800105        0x1 ./DEBOUNCE/debounce.o
 .bss.sek       0x00800106        0x1 ./main.o
                0x00800106                sek
 *(COMMON)
 COMMON         0x00800107        0x6 ./DEBOUNCE/debounce.o
                0x00800107                timer0
                0x00800109                timer2
                0x0080010b                timer1
 COMMON         0x0080010d        0x4 ./d_led.o
                0x0080010d                digit4
                0x0080010e                digit2
                0x0080010f                digit3
                0x00800110                digit1
 COMMON         0x00800111        0x4 ./main.o
                0x00800111                bufor
                0x00800115                PROVIDE (__bss_end, .)
                0x0000060e                __data_load_start = LOADADDR (.data)
                0x00000612                __data_load_end = (__data_load_start + SIZEOF (.data))

.noinit         0x00800115        0x0
                0x00800115                PROVIDE (__noinit_start, .)
 *(.noinit*)
                0x00800115                PROVIDE (__noinit_end, .)
                0x00800115                _end = .
                0x00800115                PROVIDE (__heap_start, .)

.eeprom         0x00810000        0x0
 *(.eeprom*)
                0x00810000                __eeprom_end = .

.fuse
 *(.fuse)
 *(.lfuse)
 *(.hfuse)
 *(.efuse)

.lock
 *(.lock*)

.signature
 *(.signature*)

.user_signatures
 *(.user_signatures*)

.stab           0x00000000      0x6cc
 *(.stab)
 .stab          0x00000000      0x6cc c:/program files/atmel/avr tools/avr toolchain/bin/../lib/gcc/avr/4.7.2/../../../../avr/lib/avr4/crtm88p.o

.stabstr        0x00000000       0x97
 *(.stabstr)
 .stabstr       0x00000000       0x97 c:/program files/atmel/avr tools/avr toolchain/bin/../lib/gcc/avr/4.7.2/../../../../avr/lib/avr4/crtm88p.o

.stab.excl
 *(.stab.excl)

.stab.exclstr
 *(.stab.exclstr)

.stab.index
 *(.stab.index)

.stab.indexstr
 *(.stab.indexstr)

.comment        0x00000000       0x2f
 *(.comment)
 .comment       0x00000000       0x2f ./I2C_TWI/i2c_twi.o
                                 0x30 (size before relaxing)
 .comment       0x00000000       0x30 ./DEBOUNCE/debounce.o
 .comment       0x00000000       0x30 ./d_led.o
 .comment       0x00000000       0x30 ./main.o

.debug
 *(.debug)

.line
 *(.line)

.debug_srcinfo
 *(.debug_srcinfo)

.debug_sfnames
 *(.debug_sfnames)

.debug_aranges
 *(.debug_aranges)

.debug_pubnames
 *(.debug_pubnames)

.debug_info
 *(.debug_info)
 *(.gnu.linkonce.wi.*)

.debug_abbrev
 *(.debug_abbrev)

.debug_line
 *(.debug_line)

.debug_frame
 *(.debug_frame)

.debug_str
 *(.debug_str)

.debug_loc
 *(.debug_loc)

.debug_macinfo
 *(.debug_macinfo)

.debug_pubtypes
 *(.debug_pubtypes)

.debug_ranges
 *(.debug_ranges)

.debug_macro
 *(.debug_macro)
OUTPUT(35_ZEGAR_LED_RTC.elf elf32-avr)
LOAD linker stubs
