Archive member included because of file (symbol)

c:/program files (x86)/atmel/avr tools/avr toolchain/bin/../lib/gcc/avr/4.7.2/avr5\libgcc.a(_mulsi3.o)
                              ./BMP180/bmp180.o (__mulsi3)
c:/program files (x86)/atmel/avr tools/avr toolchain/bin/../lib/gcc/avr/4.7.2/avr5\libgcc.a(_udivmodhi4.o)
                              ./I2C_TWI/i2c_twi.o (__udivmodhi4)
c:/program files (x86)/atmel/avr tools/avr toolchain/bin/../lib/gcc/avr/4.7.2/avr5\libgcc.a(_udivmodsi4.o)
                              ./BMP180/bmp180.o (__udivmodsi4)
c:/program files (x86)/atmel/avr tools/avr toolchain/bin/../lib/gcc/avr/4.7.2/avr5\libgcc.a(_divmodsi4.o)
                              ./BMP180/bmp180.o (__divmodsi4)
c:/program files (x86)/atmel/avr tools/avr toolchain/bin/../lib/gcc/avr/4.7.2/avr5\libgcc.a(_exit.o)
                              c:/program files (x86)/atmel/avr tools/avr toolchain/bin/../lib/gcc/avr/4.7.2/../../../../avr/lib/avr5/crtm32.o (exit)
c:/program files (x86)/atmel/avr tools/avr toolchain/bin/../lib/gcc/avr/4.7.2/avr5\libgcc.a(_copy_data.o)
                              ./main.o (__do_copy_data)
c:/program files (x86)/atmel/avr tools/avr toolchain/bin/../lib/gcc/avr/4.7.2/avr5\libgcc.a(_clear_bss.o)
                              ./nRF24L01/nRF24L01.o (__do_clear_bss)
c:/program files (x86)/atmel/avr tools/avr toolchain/bin/../lib/gcc/avr/4.7.2/avr5\libgcc.a(_umulhisi3.o)
                              ./main.o (__umulhisi3)
c:/program files (x86)/atmel/avr tools/avr toolchain/bin/../lib/gcc/avr/4.7.2/avr5\libgcc.a(_muluhisi3.o)
                              ./BMP180/bmp180.o (__muluhisi3)
c:/program files (x86)/atmel/avr tools/avr toolchain/bin/../lib/gcc/avr/4.7.2/avr5\libgcc.a(_mulshisi3.o)
                              ./BMP180/bmp180.o (__mulshisi3)
c:/program files (x86)/atmel/avr tools/avr toolchain/bin/../lib/gcc/avr/4.7.2/../../../../avr/lib/avr5\libc.a(itoa.o)
                              ./MKUART/mkuart.o (itoa)
c:/program files (x86)/atmel/avr tools/avr toolchain/bin/../lib/gcc/avr/4.7.2/../../../../avr/lib/avr5\libc.a(ltoa.o)
                              ./LCD/lcd44780.o (ltoa)
c:/program files (x86)/atmel/avr tools/avr toolchain/bin/../lib/gcc/avr/4.7.2/../../../../avr/lib/avr5\libc.a(eerd_byte_atmega32.o)
                              ./LCD/lcd44780.o (__eerd_byte_m32)
c:/program files (x86)/atmel/avr tools/avr toolchain/bin/../lib/gcc/avr/4.7.2/../../../../avr/lib/avr5\libc.a(strrev.o)
                              c:/program files (x86)/atmel/avr tools/avr toolchain/bin/../lib/gcc/avr/4.7.2/../../../../avr/lib/avr5\libc.a(itoa.o) (strrev)

Allocating common symbols
Common symbol       size              file

t                   0x4               ./BMP180/bmp180.o
p                   0x4               ./BMP180/bmp180.o
MD                  0x2               ./BMP180/bmp180.o
AC1                 0x2               ./BMP180/bmp180.o
AC6                 0x2               ./BMP180/bmp180.o
UART_TxHead         0x1               ./MKUART/mkuart.o
up                  0x4               ./BMP180/bmp180.o
prog_timer1         0x2               ./main.o
htu21_humid         0x4               ./main.o
nRF_RX_bufffer      0x21              ./nRF24L01/nRF24L01.o
AC5                 0x2               ./BMP180/bmp180.o
bmp180_temp         0x4               ./main.o
TX_flag             0x1               ./nRF24L01/nRF24L01.o
B5                  0x4               ./BMP180/bmp180.o
AC4                 0x2               ./BMP180/bmp180.o
UART_TxTail         0x1               ./MKUART/mkuart.o
MB                  0x2               ./BMP180/bmp180.o
AC2                 0x2               ./BMP180/bmp180.o
AC3                 0x2               ./BMP180/bmp180.o
B2                  0x2               ./BMP180/bmp180.o
ut                  0x4               ./BMP180/bmp180.o
htu21_test          0x3               ./main.o
disable_dynamic_payload
                    0x1               ./nRF24L01/nRF24L01.o
payload_width       0x1               ./nRF24L01/nRF24L01.o
bmp180_press        0x4               ./main.o
RX_flag             0x1               ./nRF24L01/nRF24L01.o
UART_TxBuf          0x10              ./MKUART/mkuart.o
UART_RxHead         0x1               ./MKUART/mkuart.o
B1                  0x2               ./BMP180/bmp180.o
UART_RxTail         0x1               ./MKUART/mkuart.o
MC                  0x2               ./BMP180/bmp180.o
htu21_h             0x2               ./main.o
UART_RxBuf          0x20              ./MKUART/mkuart.o

Discarded input sections

 .bss           0x00000000        0x0 c:/program files (x86)/atmel/avr tools/avr toolchain/bin/../lib/gcc/avr/4.7.2/../../../../avr/lib/avr5/crtm32.o
 .text          0x00000000        0x0 ./nRF24L01/SPI.o
 .bss           0x00000000        0x0 ./nRF24L01/SPI.o
 .text.SPI_WriteDataBuffer
                0x00000000       0x3c ./nRF24L01/SPI.o
 .text          0x00000000        0x0 ./nRF24L01/nRF24L01.o
 .bss           0x00000000        0x0 ./nRF24L01/nRF24L01.o
 .text.nRF_Read_Registers
                0x00000000       0x32 ./nRF24L01/nRF24L01.o
 .text.nRF_Data_Ready
                0x00000000        0xe ./nRF24L01/nRF24L01.o
 .text.nRF_TX_Power_Up
                0x00000000       0x14 ./nRF24L01/nRF24L01.o
 .text.nRF_Power_Down
                0x00000000       0x1a ./nRF24L01/nRF24L01.o
 .text.nRF_SendDataToAir
                0x00000000       0x92 ./nRF24L01/nRF24L01.o
 .text.nRF_Set_PAYLOAD_Width
                0x00000000       0x18 ./nRF24L01/nRF24L01.o
 .text.nRF_Set_Retransmission_Time_And_Ammount
                0x00000000        0x8 ./nRF24L01/nRF24L01.o
 .text.nRF_Set_Data_Speed_And_Reciver_Power
                0x00000000        0x8 ./nRF24L01/nRF24L01.o
 .bss.first_time
                0x00000000        0x1 ./nRF24L01/nRF24L01.o
 .text          0x00000000        0x0 ./MKUART/mkuart.o
 .bss           0x00000000        0x0 ./MKUART/mkuart.o
 .text.uart_puts_P
                0x00000000       0x1c ./MKUART/mkuart.o
 .text.uart_putint
                0x00000000       0x3a ./MKUART/mkuart.o
 .text.uart_putlong
                0x00000000       0x3a ./MKUART/mkuart.o
 .text.uart_getc
                0x00000000       0x2a ./MKUART/mkuart.o
 .text          0x00000000        0x0 ./LCD/lcd44780.o
 .bss           0x00000000        0x0 ./LCD/lcd44780.o
 .text.lcd_str_P
                0x00000000       0x1c ./LCD/lcd44780.o
 .text.lcd_str_E
                0x00000000       0x22 ./LCD/lcd44780.o
 .text.lcd_hex  0x00000000       0x38 ./LCD/lcd44780.o
 .text.lcd_bin  0x00000000       0x38 ./LCD/lcd44780.o
 .text.lcd_defchar
                0x00000000       0x34 ./LCD/lcd44780.o
 .text.lcd_defchar_E
                0x00000000       0x4a ./LCD/lcd44780.o
 .text          0x00000000        0x0 ./I2C_TWI/i2c_twi.o
 .bss           0x00000000        0x0 ./I2C_TWI/i2c_twi.o
 .text          0x00000000        0x0 ./HTU21/htu21.o
 .bss           0x00000000        0x0 ./HTU21/htu21.o
 .text.HTU21_read_temp
                0x00000000       0x58 ./HTU21/htu21.o
 .text          0x00000000        0x0 ./BMP180/bmp180.o
 .bss           0x00000000        0x0 ./BMP180/bmp180.o
 .text          0x00000000        0x0 ./main.o
 .bss           0x00000000        0x0 ./main.o
 .text          0x00000000        0x0 c:/program files (x86)/atmel/avr tools/avr toolchain/bin/../lib/gcc/avr/4.7.2/avr5\libgcc.a(_mulsi3.o)
 .bss           0x00000000        0x0 c:/program files (x86)/atmel/avr tools/avr toolchain/bin/../lib/gcc/avr/4.7.2/avr5\libgcc.a(_mulsi3.o)
 .text.libgcc.div
                0x00000000        0x0 c:/program files (x86)/atmel/avr tools/avr toolchain/bin/../lib/gcc/avr/4.7.2/avr5\libgcc.a(_mulsi3.o)
 .text.libgcc   0x00000000        0x0 c:/program files (x86)/atmel/avr tools/avr toolchain/bin/../lib/gcc/avr/4.7.2/avr5\libgcc.a(_mulsi3.o)
 .text.libgcc.prologue
                0x00000000        0x0 c:/program files (x86)/atmel/avr tools/avr toolchain/bin/../lib/gcc/avr/4.7.2/avr5\libgcc.a(_mulsi3.o)
 .text.libgcc.builtins
                0x00000000        0x0 c:/program files (x86)/atmel/avr tools/avr toolchain/bin/../lib/gcc/avr/4.7.2/avr5\libgcc.a(_mulsi3.o)
 .text.libgcc.fmul
                0x00000000        0x0 c:/program files (x86)/atmel/avr tools/avr toolchain/bin/../lib/gcc/avr/4.7.2/avr5\libgcc.a(_mulsi3.o)
 .text          0x00000000        0x0 c:/program files (x86)/atmel/avr tools/avr toolchain/bin/../lib/gcc/avr/4.7.2/avr5\libgcc.a(_udivmodhi4.o)
 .bss           0x00000000        0x0 c:/program files (x86)/atmel/avr tools/avr toolchain/bin/../lib/gcc/avr/4.7.2/avr5\libgcc.a(_udivmodhi4.o)
 .text.libgcc.mul
                0x00000000        0x0 c:/program files (x86)/atmel/avr tools/avr toolchain/bin/../lib/gcc/avr/4.7.2/avr5\libgcc.a(_udivmodhi4.o)
 .text.libgcc   0x00000000        0x0 c:/program files (x86)/atmel/avr tools/avr toolchain/bin/../lib/gcc/avr/4.7.2/avr5\libgcc.a(_udivmodhi4.o)
 .text.libgcc.prologue
                0x00000000        0x0 c:/program files (x86)/atmel/avr tools/avr toolchain/bin/../lib/gcc/avr/4.7.2/avr5\libgcc.a(_udivmodhi4.o)
 .text.libgcc.builtins
                0x00000000        0x0 c:/program files (x86)/atmel/avr tools/avr toolchain/bin/../lib/gcc/avr/4.7.2/avr5\libgcc.a(_udivmodhi4.o)
 .text.libgcc.fmul
                0x00000000        0x0 c:/program files (x86)/atmel/avr tools/avr toolchain/bin/../lib/gcc/avr/4.7.2/avr5\libgcc.a(_udivmodhi4.o)
 .text          0x00000000        0x0 c:/program files (x86)/atmel/avr tools/avr toolchain/bin/../lib/gcc/avr/4.7.2/avr5\libgcc.a(_udivmodsi4.o)
 .bss           0x00000000        0x0 c:/program files (x86)/atmel/avr tools/avr toolchain/bin/../lib/gcc/avr/4.7.2/avr5\libgcc.a(_udivmodsi4.o)
 .text.libgcc.mul
                0x00000000        0x0 c:/program files (x86)/atmel/avr tools/avr toolchain/bin/../lib/gcc/avr/4.7.2/avr5\libgcc.a(_udivmodsi4.o)
 .text.libgcc   0x00000000        0x0 c:/program files (x86)/atmel/avr tools/avr toolchain/bin/../lib/gcc/avr/4.7.2/avr5\libgcc.a(_udivmodsi4.o)
 .text.libgcc.prologue
                0x00000000        0x0 c:/program files (x86)/atmel/avr tools/avr toolchain/bin/../lib/gcc/avr/4.7.2/avr5\libgcc.a(_udivmodsi4.o)
 .text.libgcc.builtins
                0x00000000        0x0 c:/program files (x86)/atmel/avr tools/avr toolchain/bin/../lib/gcc/avr/4.7.2/avr5\libgcc.a(_udivmodsi4.o)
 .text.libgcc.fmul
                0x00000000        0x0 c:/program files (x86)/atmel/avr tools/avr toolchain/bin/../lib/gcc/avr/4.7.2/avr5\libgcc.a(_udivmodsi4.o)
 .text          0x00000000        0x0 c:/program files (x86)/atmel/avr tools/avr toolchain/bin/../lib/gcc/avr/4.7.2/avr5\libgcc.a(_divmodsi4.o)
 .bss           0x00000000        0x0 c:/program files (x86)/atmel/avr tools/avr toolchain/bin/../lib/gcc/avr/4.7.2/avr5\libgcc.a(_divmodsi4.o)
 .text.libgcc.mul
                0x00000000        0x0 c:/program files (x86)/atmel/avr tools/avr toolchain/bin/../lib/gcc/avr/4.7.2/avr5\libgcc.a(_divmodsi4.o)
 .text.libgcc   0x00000000        0x0 c:/program files (x86)/atmel/avr tools/avr toolchain/bin/../lib/gcc/avr/4.7.2/avr5\libgcc.a(_divmodsi4.o)
 .text.libgcc.prologue
                0x00000000        0x0 c:/program files (x86)/atmel/avr tools/avr toolchain/bin/../lib/gcc/avr/4.7.2/avr5\libgcc.a(_divmodsi4.o)
 .text.libgcc.builtins
                0x00000000        0x0 c:/program files (x86)/atmel/avr tools/avr toolchain/bin/../lib/gcc/avr/4.7.2/avr5\libgcc.a(_divmodsi4.o)
 .text.libgcc.fmul
                0x00000000        0x0 c:/program files (x86)/atmel/avr tools/avr toolchain/bin/../lib/gcc/avr/4.7.2/avr5\libgcc.a(_divmodsi4.o)
 .text          0x00000000        0x0 c:/program files (x86)/atmel/avr tools/avr toolchain/bin/../lib/gcc/avr/4.7.2/avr5\libgcc.a(_exit.o)
 .bss           0x00000000        0x0 c:/program files (x86)/atmel/avr tools/avr toolchain/bin/../lib/gcc/avr/4.7.2/avr5\libgcc.a(_exit.o)
 .text.libgcc.mul
                0x00000000        0x0 c:/program files (x86)/atmel/avr tools/avr toolchain/bin/../lib/gcc/avr/4.7.2/avr5\libgcc.a(_exit.o)
 .text.libgcc.div
                0x00000000        0x0 c:/program files (x86)/atmel/avr tools/avr toolchain/bin/../lib/gcc/avr/4.7.2/avr5\libgcc.a(_exit.o)
 .text.libgcc   0x00000000        0x0 c:/program files (x86)/atmel/avr tools/avr toolchain/bin/../lib/gcc/avr/4.7.2/avr5\libgcc.a(_exit.o)
 .text.libgcc.prologue
                0x00000000        0x0 c:/program files (x86)/atmel/avr tools/avr toolchain/bin/../lib/gcc/avr/4.7.2/avr5\libgcc.a(_exit.o)
 .text.libgcc.builtins
                0x00000000        0x0 c:/program files (x86)/atmel/avr tools/avr toolchain/bin/../lib/gcc/avr/4.7.2/avr5\libgcc.a(_exit.o)
 .text.libgcc.fmul
                0x00000000        0x0 c:/program files (x86)/atmel/avr tools/avr toolchain/bin/../lib/gcc/avr/4.7.2/avr5\libgcc.a(_exit.o)
 .text          0x00000000        0x0 c:/program files (x86)/atmel/avr tools/avr toolchain/bin/../lib/gcc/avr/4.7.2/avr5\libgcc.a(_copy_data.o)
 .bss           0x00000000        0x0 c:/program files (x86)/atmel/avr tools/avr toolchain/bin/../lib/gcc/avr/4.7.2/avr5\libgcc.a(_copy_data.o)
 .text.libgcc.mul
                0x00000000        0x0 c:/program files (x86)/atmel/avr tools/avr toolchain/bin/../lib/gcc/avr/4.7.2/avr5\libgcc.a(_copy_data.o)
 .text.libgcc.div
                0x00000000        0x0 c:/program files (x86)/atmel/avr tools/avr toolchain/bin/../lib/gcc/avr/4.7.2/avr5\libgcc.a(_copy_data.o)
 .text.libgcc   0x00000000        0x0 c:/program files (x86)/atmel/avr tools/avr toolchain/bin/../lib/gcc/avr/4.7.2/avr5\libgcc.a(_copy_data.o)
 .text.libgcc.prologue
                0x00000000        0x0 c:/program files (x86)/atmel/avr tools/avr toolchain/bin/../lib/gcc/avr/4.7.2/avr5\libgcc.a(_copy_data.o)
 .text.libgcc.builtins
                0x00000000        0x0 c:/program files (x86)/atmel/avr tools/avr toolchain/bin/../lib/gcc/avr/4.7.2/avr5\libgcc.a(_copy_data.o)
 .text.libgcc.fmul
                0x00000000        0x0 c:/program files (x86)/atmel/avr tools/avr toolchain/bin/../lib/gcc/avr/4.7.2/avr5\libgcc.a(_copy_data.o)
 .text          0x00000000        0x0 c:/program files (x86)/atmel/avr tools/avr toolchain/bin/../lib/gcc/avr/4.7.2/avr5\libgcc.a(_clear_bss.o)
 .bss           0x00000000        0x0 c:/program files (x86)/atmel/avr tools/avr toolchain/bin/../lib/gcc/avr/4.7.2/avr5\libgcc.a(_clear_bss.o)
 .text.libgcc.mul
                0x00000000        0x0 c:/program files (x86)/atmel/avr tools/avr toolchain/bin/../lib/gcc/avr/4.7.2/avr5\libgcc.a(_clear_bss.o)
 .text.libgcc.div
                0x00000000        0x0 c:/program files (x86)/atmel/avr tools/avr toolchain/bin/../lib/gcc/avr/4.7.2/avr5\libgcc.a(_clear_bss.o)
 .text.libgcc   0x00000000        0x0 c:/program files (x86)/atmel/avr tools/avr toolchain/bin/../lib/gcc/avr/4.7.2/avr5\libgcc.a(_clear_bss.o)
 .text.libgcc.prologue
                0x00000000        0x0 c:/program files (x86)/atmel/avr tools/avr toolchain/bin/../lib/gcc/avr/4.7.2/avr5\libgcc.a(_clear_bss.o)
 .text.libgcc.builtins
                0x00000000        0x0 c:/program files (x86)/atmel/avr tools/avr toolchain/bin/../lib/gcc/avr/4.7.2/avr5\libgcc.a(_clear_bss.o)
 .text.libgcc.fmul
                0x00000000        0x0 c:/program files (x86)/atmel/avr tools/avr toolchain/bin/../lib/gcc/avr/4.7.2/avr5\libgcc.a(_clear_bss.o)
 .text          0x00000000        0x0 c:/program files (x86)/atmel/avr tools/avr toolchain/bin/../lib/gcc/avr/4.7.2/avr5\libgcc.a(_umulhisi3.o)
 .bss           0x00000000        0x0 c:/program files (x86)/atmel/avr tools/avr toolchain/bin/../lib/gcc/avr/4.7.2/avr5\libgcc.a(_umulhisi3.o)
 .text.libgcc.div
                0x00000000        0x0 c:/program files (x86)/atmel/avr tools/avr toolchain/bin/../lib/gcc/avr/4.7.2/avr5\libgcc.a(_umulhisi3.o)
 .text.libgcc   0x00000000        0x0 c:/program files (x86)/atmel/avr tools/avr toolchain/bin/../lib/gcc/avr/4.7.2/avr5\libgcc.a(_umulhisi3.o)
 .text.libgcc.prologue
                0x00000000        0x0 c:/program files (x86)/atmel/avr tools/avr toolchain/bin/../lib/gcc/avr/4.7.2/avr5\libgcc.a(_umulhisi3.o)
 .text.libgcc.builtins
                0x00000000        0x0 c:/program files (x86)/atmel/avr tools/avr toolchain/bin/../lib/gcc/avr/4.7.2/avr5\libgcc.a(_umulhisi3.o)
 .text.libgcc.fmul
                0x00000000        0x0 c:/program files (x86)/atmel/avr tools/avr toolchain/bin/../lib/gcc/avr/4.7.2/avr5\libgcc.a(_umulhisi3.o)
 .text          0x00000000        0x0 c:/program files (x86)/atmel/avr tools/avr toolchain/bin/../lib/gcc/avr/4.7.2/avr5\libgcc.a(_muluhisi3.o)
 .bss           0x00000000        0x0 c:/program files (x86)/atmel/avr tools/avr toolchain/bin/../lib/gcc/avr/4.7.2/avr5\libgcc.a(_muluhisi3.o)
 .text.libgcc.div
                0x00000000        0x0 c:/program files (x86)/atmel/avr tools/avr toolchain/bin/../lib/gcc/avr/4.7.2/avr5\libgcc.a(_muluhisi3.o)
 .text.libgcc   0x00000000        0x0 c:/program files (x86)/atmel/avr tools/avr toolchain/bin/../lib/gcc/avr/4.7.2/avr5\libgcc.a(_muluhisi3.o)
 .text.libgcc.prologue
                0x00000000        0x0 c:/program files (x86)/atmel/avr tools/avr toolchain/bin/../lib/gcc/avr/4.7.2/avr5\libgcc.a(_muluhisi3.o)
 .text.libgcc.builtins
                0x00000000        0x0 c:/program files (x86)/atmel/avr tools/avr toolchain/bin/../lib/gcc/avr/4.7.2/avr5\libgcc.a(_muluhisi3.o)
 .text.libgcc.fmul
                0x00000000        0x0 c:/program files (x86)/atmel/avr tools/avr toolchain/bin/../lib/gcc/avr/4.7.2/avr5\libgcc.a(_muluhisi3.o)
 .text          0x00000000        0x0 c:/program files (x86)/atmel/avr tools/avr toolchain/bin/../lib/gcc/avr/4.7.2/avr5\libgcc.a(_mulshisi3.o)
 .bss           0x00000000        0x0 c:/program files (x86)/atmel/avr tools/avr toolchain/bin/../lib/gcc/avr/4.7.2/avr5\libgcc.a(_mulshisi3.o)
 .text.libgcc.div
                0x00000000        0x0 c:/program files (x86)/atmel/avr tools/avr toolchain/bin/../lib/gcc/avr/4.7.2/avr5\libgcc.a(_mulshisi3.o)
 .text.libgcc   0x00000000        0x0 c:/program files (x86)/atmel/avr tools/avr toolchain/bin/../lib/gcc/avr/4.7.2/avr5\libgcc.a(_mulshisi3.o)
 .text.libgcc.prologue
                0x00000000        0x0 c:/program files (x86)/atmel/avr tools/avr toolchain/bin/../lib/gcc/avr/4.7.2/avr5\libgcc.a(_mulshisi3.o)
 .text.libgcc.builtins
                0x00000000        0x0 c:/program files (x86)/atmel/avr tools/avr toolchain/bin/../lib/gcc/avr/4.7.2/avr5\libgcc.a(_mulshisi3.o)
 .text.libgcc.fmul
                0x00000000        0x0 c:/program files (x86)/atmel/avr tools/avr toolchain/bin/../lib/gcc/avr/4.7.2/avr5\libgcc.a(_mulshisi3.o)
 .text          0x00000000        0x0 c:/program files (x86)/atmel/avr tools/avr toolchain/bin/../lib/gcc/avr/4.7.2/../../../../avr/lib/avr5\libc.a(itoa.o)
 .bss           0x00000000        0x0 c:/program files (x86)/atmel/avr tools/avr toolchain/bin/../lib/gcc/avr/4.7.2/../../../../avr/lib/avr5\libc.a(itoa.o)
 .text          0x00000000        0x0 c:/program files (x86)/atmel/avr tools/avr toolchain/bin/../lib/gcc/avr/4.7.2/../../../../avr/lib/avr5\libc.a(ltoa.o)
 .bss           0x00000000        0x0 c:/program files (x86)/atmel/avr tools/avr toolchain/bin/../lib/gcc/avr/4.7.2/../../../../avr/lib/avr5\libc.a(ltoa.o)
 .text.avr-libc
                0x00000000       0x68 c:/program files (x86)/atmel/avr tools/avr toolchain/bin/../lib/gcc/avr/4.7.2/../../../../avr/lib/avr5\libc.a(ltoa.o)
 .text          0x00000000        0x0 c:/program files (x86)/atmel/avr tools/avr toolchain/bin/../lib/gcc/avr/4.7.2/../../../../avr/lib/avr5\libc.a(eerd_byte_atmega32.o)
 .bss           0x00000000        0x0 c:/program files (x86)/atmel/avr tools/avr toolchain/bin/../lib/gcc/avr/4.7.2/../../../../avr/lib/avr5\libc.a(eerd_byte_atmega32.o)
 .text.avr-libc
                0x00000000       0x10 c:/program files (x86)/atmel/avr tools/avr toolchain/bin/../lib/gcc/avr/4.7.2/../../../../avr/lib/avr5\libc.a(eerd_byte_atmega32.o)
 .text          0x00000000        0x0 c:/program files (x86)/atmel/avr tools/avr toolchain/bin/../lib/gcc/avr/4.7.2/../../../../avr/lib/avr5\libc.a(strrev.o)
 .bss           0x00000000        0x0 c:/program files (x86)/atmel/avr tools/avr toolchain/bin/../lib/gcc/avr/4.7.2/../../../../avr/lib/avr5\libc.a(strrev.o)

Memory Configuration

Name             Origin             Length             Attributes
text             0x00000000         0x00020000         xr
data             0x00800060         0x0000ffa0         rw !x
eeprom           0x00810000         0x00010000         rw !x
fuse             0x00820000         0x00000400         rw !x
lock             0x00830000         0x00000400         rw !x
signature        0x00840000         0x00000400         rw !x
user_signatures  0x00850000         0x00000400         rw !x
*default*        0x00000000         0xffffffff

Linker script and memory map

LOAD c:/program files (x86)/atmel/avr tools/avr toolchain/bin/../lib/gcc/avr/4.7.2/../../../../avr/lib/avr5/crtm32.o
LOAD ./nRF24L01/SPI.o
LOAD ./nRF24L01/nRF24L01.o
LOAD ./MKUART/mkuart.o
LOAD ./LCD/lcd44780.o
LOAD ./I2C_TWI/i2c_twi.o
LOAD ./HTU21/htu21.o
LOAD ./BMP180/bmp180.o
LOAD ./main.o
LOAD c:/program files (x86)/atmel/avr tools/avr toolchain/bin/../lib/gcc/avr/4.7.2/avr5\libgcc.a
LOAD c:/program files (x86)/atmel/avr tools/avr toolchain/bin/../lib/gcc/avr/4.7.2/../../../../avr/lib/avr5\libc.a
LOAD c:/program files (x86)/atmel/avr tools/avr toolchain/bin/../lib/gcc/avr/4.7.2/avr5\libgcc.a

.hash
 *(.hash)

.dynsym
 *(.dynsym)

.dynstr
 *(.dynstr)

.gnu.version
 *(.gnu.version)

.gnu.version_d
 *(.gnu.version_d)

.gnu.version_r
 *(.gnu.version_r)

.rel.init
 *(.rel.init)

.rela.init
 *(.rela.init)

.rel.text
 *(.rel.text)
 *(.rel.text.*)
 *(.rel.gnu.linkonce.t*)

.rela.text
 *(.rela.text)
 *(.rela.text.*)
 *(.rela.gnu.linkonce.t*)

.rel.fini
 *(.rel.fini)

.rela.fini
 *(.rela.fini)

.rel.rodata
 *(.rel.rodata)
 *(.rel.rodata.*)
 *(.rel.gnu.linkonce.r*)

.rela.rodata
 *(.rela.rodata)
 *(.rela.rodata.*)
 *(.rela.gnu.linkonce.r*)

.rel.data
 *(.rel.data)
 *(.rel.data.*)
 *(.rel.gnu.linkonce.d*)

.rela.data
 *(.rela.data)
 *(.rela.data.*)
 *(.rela.gnu.linkonce.d*)

.rel.ctors
 *(.rel.ctors)

.rela.ctors
 *(.rela.ctors)

.rel.dtors
 *(.rel.dtors)

.rela.dtors
 *(.rela.dtors)

.rel.got
 *(.rel.got)

.rela.got
 *(.rela.got)

.rel.bss
 *(.rel.bss)

.rela.bss
 *(.rela.bss)

.rel.plt
 *(.rel.plt)

.rela.plt
 *(.rela.plt)

.text           0x00000000     0x139a
 *(.vectors)
 .vectors       0x00000000       0x54 c:/program files (x86)/atmel/avr tools/avr toolchain/bin/../lib/gcc/avr/4.7.2/../../../../avr/lib/avr5/crtm32.o
                0x00000000                __vector_default
                0x00000000                __vectors
 *(.vectors)
 *(.progmem.gcc*)
 *(.progmem*)
 .progmem.data.__c.1871
                0x00000054        0x6 ./nRF24L01/nRF24L01.o
 .progmem.data.__c.1873
                0x0000005a        0x6 ./nRF24L01/nRF24L01.o
 .progmem.data.degree
                0x00000060        0x8 ./main.o
                0x00000060                degree
                0x00000068                . = ALIGN (0x2)
                0x00000068                __trampolines_start = .
 *(.trampolines)
 .trampolines   0x00000068        0x0 linker stubs
 *(.trampolines*)
                0x00000068                __trampolines_end = .
 *(.jumptables)
 *(.jumptables*)
 *(.lowtext)
 *(.lowtext*)
                0x00000068                __ctors_start = .
 *(.ctors)
                0x00000068                __ctors_end = .
                0x00000068                __dtors_start = .
 *(.dtors)
                0x00000068                __dtors_end = .
 SORT(*)(.ctors)
 SORT(*)(.dtors)
 *(.init0)
 .init0         0x00000068        0x0 c:/program files (x86)/atmel/avr tools/avr toolchain/bin/../lib/gcc/avr/4.7.2/../../../../avr/lib/avr5/crtm32.o
                0x00000068                __init
 *(.init0)
 *(.init1)
 *(.init1)
 *(.init2)
 .init2         0x00000068        0xc c:/program files (x86)/atmel/avr tools/avr toolchain/bin/../lib/gcc/avr/4.7.2/../../../../avr/lib/avr5/crtm32.o
 *(.init2)
 *(.init3)
 *(.init3)
 *(.init4)
 .init4         0x00000074       0x16 c:/program files (x86)/atmel/avr tools/avr toolchain/bin/../lib/gcc/avr/4.7.2/avr5\libgcc.a(_copy_data.o)
                0x00000074                __do_copy_data
 .init4         0x0000008a       0x10 c:/program files (x86)/atmel/avr tools/avr toolchain/bin/../lib/gcc/avr/4.7.2/avr5\libgcc.a(_clear_bss.o)
                0x0000008a                __do_clear_bss
 *(.init4)
 *(.init5)
 *(.init5)
 *(.init6)
 *(.init6)
 *(.init7)
 *(.init7)
 *(.init8)
 *(.init8)
 *(.init9)
 .init9         0x0000009a        0x8 c:/program files (x86)/atmel/avr tools/avr toolchain/bin/../lib/gcc/avr/4.7.2/../../../../avr/lib/avr5/crtm32.o
 *(.init9)
 *(.text)
 .text          0x000000a2        0x4 c:/program files (x86)/atmel/avr tools/avr toolchain/bin/../lib/gcc/avr/4.7.2/../../../../avr/lib/avr5/crtm32.o
                0x000000a2                __vector_1
                0x000000a2                __vector_12
                0x000000a2                __bad_interrupt
                0x000000a2                __vector_6
                0x000000a2                __vector_11
                0x000000a2                __vector_17
                0x000000a2                __vector_19
                0x000000a2                __vector_7
                0x000000a2                __vector_5
                0x000000a2                __vector_4
                0x000000a2                __vector_9
                0x000000a2                __vector_2
                0x000000a2                __vector_8
                0x000000a2                __vector_16
                0x000000a2                __vector_18
                0x000000a2                __vector_20
                0x000000a6                . = ALIGN (0x2)
 *(.text.*)
 .text.init_SPI
                0x000000a6       0x20 ./nRF24L01/SPI.o
                0x000000a6                init_SPI
 .text.SPI_WriteReadByte
                0x000000c6        0xa ./nRF24L01/SPI.o
                0x000000c6                SPI_WriteReadByte
 .text.SPI_WriteByte
                0x000000d0        0x8 ./nRF24L01/SPI.o
                0x000000d0                SPI_WriteByte
 .text.SPI_WriteReadDataBuffer
                0x000000d8       0x4a ./nRF24L01/SPI.o
                0x000000d8                SPI_WriteReadDataBuffer
 .text.register_nRF_RX_Event_Callback
                0x00000122        0xa ./nRF24L01/nRF24L01.o
                0x00000122                register_nRF_RX_Event_Callback
 .text.nRF_Read_One_Byte_From_Register
                0x0000012c       0x12 ./nRF24L01/nRF24L01.o
                0x0000012c                nRF_Read_One_Byte_From_Register
 .text.nRF_Config_Register
                0x0000013e       0x28 ./nRF24L01/nRF24L01.o
                0x0000013e                nRF_Config_Register
 .text.nRF_Write_Register
                0x00000166       0x34 ./nRF24L01/nRF24L01.o
                0x00000166                nRF_Write_Register
 .text.nRF_SET_Transmitter_Adres
                0x0000019a       0x44 ./nRF24L01/nRF24L01.o
                0x0000019a                nRF_SET_Transmitter_Adres
 .text.nRF_SET_Reciver_Addres
                0x000001de       0x60 ./nRF24L01/nRF24L01.o
                0x000001de                nRF_SET_Reciver_Addres
 .text.nRF_Set_State_And_Width_Of_CRC
                0x0000023e       0x46 ./nRF24L01/nRF24L01.o
                0x0000023e                nRF_Set_State_And_Width_Of_CRC
 .text.nRF_RX_Power_Up
                0x00000284       0x20 ./nRF24L01/nRF24L01.o
                0x00000284                nRF_RX_Power_Up
 .text.nRF_RX_EVENT
                0x000002a4       0xb0 ./nRF24L01/nRF24L01.o
                0x000002a4                nRF_RX_EVENT
 .text.nRF_Set_Channel
                0x00000354        0xa ./nRF24L01/nRF24L01.o
                0x00000354                nRF_Set_Channel
 .text.nRF_Clear_TX
                0x0000035e        0xc ./nRF24L01/nRF24L01.o
                0x0000035e                nRF_Clear_TX
 .text.nRF_Clear_RX
                0x0000036a        0xc ./nRF24L01/nRF24L01.o
                0x0000036a                nRF_Clear_RX
 .text.nRF_Set_Active_DataPipe_And_ACK
                0x00000376       0x60 ./nRF24L01/nRF24L01.o
                0x00000376                nRF_Set_Active_DataPipe_And_ACK
 .text.nRF_Set_Dynamic_Payload_State_On_Data_Pipe
                0x000003d6       0x2a ./nRF24L01/nRF24L01.o
                0x000003d6                nRF_Set_Dynamic_Payload_State_On_Data_Pipe
 .text.Initialize_INTERRUPT_For_nRF
                0x00000400        0xc ./nRF24L01/nRF24L01.o
                0x00000400                Initialize_INTERRUPT_For_nRF
 .text.nRF_init
                0x0000040c       0x6c ./nRF24L01/nRF24L01.o
                0x0000040c                nRF_init
 .text.__vector_3
                0x00000478       0x96 ./nRF24L01/nRF24L01.o
                0x00000478                __vector_3
 .text.USART_Init
                0x0000050e       0x18 ./MKUART/mkuart.o
                0x0000050e                USART_Init
 .text.__vector_15
                0x00000526       0x16 ./MKUART/mkuart.o
                0x00000526                __vector_15
 .text.uart_putc
                0x0000053c       0x22 ./MKUART/mkuart.o
                0x0000053c                uart_putc
 .text.uart_puts
                0x0000055e       0x18 ./MKUART/mkuart.o
                0x0000055e                uart_puts
 .text.__vector_14
                0x00000576       0x4e ./MKUART/mkuart.o
                0x00000576                __vector_14
 .text.__vector_13
                0x000005c4       0x42 ./MKUART/mkuart.o
                0x000005c4                __vector_13
 .text.data_dir_out
                0x00000606        0xa ./LCD/lcd44780.o
 .text.lcd_readHalf
                0x00000610       0x16 ./LCD/lcd44780.o
 .text.lcd_sendHalf
                0x00000626       0x2a ./LCD/lcd44780.o
 .text._lcd_read_byte
                0x00000650       0x28 ./LCD/lcd44780.o
                0x00000650                _lcd_read_byte
 .text.check_BF
                0x00000678        0x6 ./LCD/lcd44780.o
                0x00000678                check_BF
 .text._lcd_write_byte
                0x0000067e       0x2e ./LCD/lcd44780.o
                0x0000067e                _lcd_write_byte
 .text.lcd_write_cmd
                0x000006ac        0x6 ./LCD/lcd44780.o
                0x000006ac                lcd_write_cmd
 .text.lcd_write_data
                0x000006b2        0x6 ./LCD/lcd44780.o
                0x000006b2                lcd_write_data
 .text.lcd_char
                0x000006b8        0xe ./LCD/lcd44780.o
                0x000006b8                lcd_char
 .text.lcd_str  0x000006c6       0x18 ./LCD/lcd44780.o
                0x000006c6                lcd_str
 .text.lcd_int  0x000006de       0x38 ./LCD/lcd44780.o
                0x000006de                lcd_int
 .text.lcd_defchar_P
                0x00000716       0x38 ./LCD/lcd44780.o
                0x00000716                lcd_defchar_P
 .text.lcd_locate
                0x0000074e        0xe ./LCD/lcd44780.o
                0x0000074e                lcd_locate
 .text.lcd_cls  0x0000075c        0x6 ./LCD/lcd44780.o
                0x0000075c                lcd_cls
 .text.lcd_init
                0x00000762       0x92 ./LCD/lcd44780.o
                0x00000762                lcd_init
 .text.i2cSetBitrate
                0x000007f4       0x26 ./I2C_TWI/i2c_twi.o
                0x000007f4                i2cSetBitrate
 .text.TWI_start
                0x0000081a        0xc ./I2C_TWI/i2c_twi.o
                0x0000081a                TWI_start
 .text.TWI_stop
                0x00000826        0xc ./I2C_TWI/i2c_twi.o
                0x00000826                TWI_stop
 .text.TWI_write
                0x00000832        0xe ./I2C_TWI/i2c_twi.o
                0x00000832                TWI_write
 .text.TWI_read
                0x00000840       0x18 ./I2C_TWI/i2c_twi.o
                0x00000840                TWI_read
 .text.TWI_write_buf
                0x00000858       0x5e ./I2C_TWI/i2c_twi.o
                0x00000858                TWI_write_buf
 .text.TWI_read_buf
                0x000008b6       0x62 ./I2C_TWI/i2c_twi.o
                0x000008b6                TWI_read_buf
 .text.HTU21_init
                0x00000918       0x14 ./HTU21/htu21.o
                0x00000918                HTU21_init
 .text.HTU21_read_humid
                0x0000092c       0x58 ./HTU21/htu21.o
                0x0000092c                HTU21_read_humid
 .text.BMP180_init
                0x00000984       0xe6 ./BMP180/bmp180.o
                0x00000984                BMP180_init
 .text.BMP180_getut
                0x00000a6a       0x6c ./BMP180/bmp180.o
                0x00000a6a                BMP180_getut
 .text.BMP180_getup
                0x00000ad6       0x86 ./BMP180/bmp180.o
                0x00000ad6                BMP180_getup
 .text.BMP180_gett
                0x00000b5c       0xcc ./BMP180/bmp180.o
                0x00000b5c                BMP180_gett
 .text.BMP180_getp
                0x00000c28      0x252 ./BMP180/bmp180.o
                0x00000c28                BMP180_getp
 .text.transmit_uart
                0x00000e7a       0x5c ./main.o
                0x00000e7a                transmit_uart
 .text.__vector_10
                0x00000ed6       0x32 ./main.o
                0x00000ed6                __vector_10
 .text.receive_and_display
                0x00000f08       0xc8 ./main.o
                0x00000f08                receive_and_display
 .text.ShowOnLCD
                0x00000fd0      0x152 ./main.o
                0x00000fd0                ShowOnLCD
 .text.startup.main
                0x00001122      0x110 ./main.o
                0x00001122                main
 .text.libgcc.mul
                0x00001232       0x20 c:/program files (x86)/atmel/avr tools/avr toolchain/bin/../lib/gcc/avr/4.7.2/avr5\libgcc.a(_mulsi3.o)
                0x00001232                __mulsi3
 .text.libgcc.div
                0x00001252       0x28 c:/program files (x86)/atmel/avr tools/avr toolchain/bin/../lib/gcc/avr/4.7.2/avr5\libgcc.a(_udivmodhi4.o)
                0x00001252                __udivmodhi4
 .text.libgcc.div
                0x0000127a       0x44 c:/program files (x86)/atmel/avr tools/avr toolchain/bin/../lib/gcc/avr/4.7.2/avr5\libgcc.a(_udivmodsi4.o)
                0x0000127a                __udivmodsi4
 .text.libgcc.div
                0x000012be       0x38 c:/program files (x86)/atmel/avr tools/avr toolchain/bin/../lib/gcc/avr/4.7.2/avr5\libgcc.a(_divmodsi4.o)
                0x000012be                __divmodsi4
 .text.libgcc.mul
                0x000012f6       0x18 c:/program files (x86)/atmel/avr tools/avr toolchain/bin/../lib/gcc/avr/4.7.2/avr5\libgcc.a(_umulhisi3.o)
                0x000012f6                __umulhisi3
 .text.libgcc.mul
                0x0000130e       0x16 c:/program files (x86)/atmel/avr tools/avr toolchain/bin/../lib/gcc/avr/4.7.2/avr5\libgcc.a(_muluhisi3.o)
                0x0000130e                __muluhisi3
 .text.libgcc.mul
                0x00001324       0x10 c:/program files (x86)/atmel/avr tools/avr toolchain/bin/../lib/gcc/avr/4.7.2/avr5\libgcc.a(_mulshisi3.o)
                0x00001324                __mulshisi3
                0x0000132a                __mulohisi3
 .text.avr-libc
                0x00001334       0x42 c:/program files (x86)/atmel/avr tools/avr toolchain/bin/../lib/gcc/avr/4.7.2/../../../../avr/lib/avr5\libc.a(itoa.o)
                0x00001334                itoa
 .text.avr-libc
                0x00001376       0x20 c:/program files (x86)/atmel/avr tools/avr toolchain/bin/../lib/gcc/avr/4.7.2/../../../../avr/lib/avr5\libc.a(strrev.o)
                0x00001376                strrev
                0x00001396                . = ALIGN (0x2)
 *(.fini9)
 .fini9         0x00001396        0x0 c:/program files (x86)/atmel/avr tools/avr toolchain/bin/../lib/gcc/avr/4.7.2/avr5\libgcc.a(_exit.o)
                0x00001396                _exit
                0x00001396                exit
 *(.fini9)
 *(.fini8)
 *(.fini8)
 *(.fini7)
 *(.fini7)
 *(.fini6)
 *(.fini6)
 *(.fini5)
 *(.fini5)
 *(.fini4)
 *(.fini4)
 *(.fini3)
 *(.fini3)
 *(.fini2)
 *(.fini2)
 *(.fini1)
 *(.fini1)
 *(.fini0)
 .fini0         0x00001396        0x4 c:/program files (x86)/atmel/avr tools/avr toolchain/bin/../lib/gcc/avr/4.7.2/avr5\libgcc.a(_exit.o)
 *(.fini0)
                0x0000139a                _etext = .

.data           0x00800060       0x26 load address 0x0000139a
                0x00800060                PROVIDE (__data_start, .)
 *(.data)
 .data          0x00800060        0x0 c:/program files (x86)/atmel/avr tools/avr toolchain/bin/../lib/gcc/avr/4.7.2/../../../../avr/lib/avr5/crtm32.o
 .data          0x00800060        0x0 ./nRF24L01/SPI.o
 .data          0x00800060        0x0 ./nRF24L01/nRF24L01.o
 .data          0x00800060        0x0 ./MKUART/mkuart.o
 .data          0x00800060        0x0 ./LCD/lcd44780.o
 .data          0x00800060        0x0 ./I2C_TWI/i2c_twi.o
 .data          0x00800060        0x0 ./HTU21/htu21.o
 .data          0x00800060        0x0 ./BMP180/bmp180.o
 .data          0x00800060        0x0 ./main.o
 .data          0x00800060        0x0 c:/program files (x86)/atmel/avr tools/avr toolchain/bin/../lib/gcc/avr/4.7.2/avr5\libgcc.a(_mulsi3.o)
 .data          0x00800060        0x0 c:/program files (x86)/atmel/avr tools/avr toolchain/bin/../lib/gcc/avr/4.7.2/avr5\libgcc.a(_udivmodhi4.o)
 .data          0x00800060        0x0 c:/program files (x86)/atmel/avr tools/avr toolchain/bin/../lib/gcc/avr/4.7.2/avr5\libgcc.a(_udivmodsi4.o)
 .data          0x00800060        0x0 c:/program files (x86)/atmel/avr tools/avr toolchain/bin/../lib/gcc/avr/4.7.2/avr5\libgcc.a(_divmodsi4.o)
 .data          0x00800060        0x0 c:/program files (x86)/atmel/avr tools/avr toolchain/bin/../lib/gcc/avr/4.7.2/avr5\libgcc.a(_exit.o)
 .data          0x00800060        0x0 c:/program files (x86)/atmel/avr tools/avr toolchain/bin/../lib/gcc/avr/4.7.2/avr5\libgcc.a(_copy_data.o)
 .data          0x00800060        0x0 c:/program files (x86)/atmel/avr tools/avr toolchain/bin/../lib/gcc/avr/4.7.2/avr5\libgcc.a(_clear_bss.o)
 .data          0x00800060        0x0 c:/program files (x86)/atmel/avr tools/avr toolchain/bin/../lib/gcc/avr/4.7.2/avr5\libgcc.a(_umulhisi3.o)
 .data          0x00800060        0x0 c:/program files (x86)/atmel/avr tools/avr toolchain/bin/../lib/gcc/avr/4.7.2/avr5\libgcc.a(_muluhisi3.o)
 .data          0x00800060        0x0 c:/program files (x86)/atmel/avr tools/avr toolchain/bin/../lib/gcc/avr/4.7.2/avr5\libgcc.a(_mulshisi3.o)
 .data          0x00800060        0x0 c:/program files (x86)/atmel/avr tools/avr toolchain/bin/../lib/gcc/avr/4.7.2/../../../../avr/lib/avr5\libc.a(itoa.o)
 .data          0x00800060        0x0 c:/program files (x86)/atmel/avr tools/avr toolchain/bin/../lib/gcc/avr/4.7.2/../../../../avr/lib/avr5\libc.a(ltoa.o)
 .data          0x00800060        0x0 c:/program files (x86)/atmel/avr tools/avr toolchain/bin/../lib/gcc/avr/4.7.2/../../../../avr/lib/avr5\libc.a(eerd_byte_atmega32.o)
 .data          0x00800060        0x0 c:/program files (x86)/atmel/avr tools/avr toolchain/bin/../lib/gcc/avr/4.7.2/../../../../avr/lib/avr5\libc.a(strrev.o)
 *(.data*)
 .data.flaga    0x00800060        0x1 ./main.o
                0x00800060                flaga
 *(.rodata)
 *(.rodata*)
 .rodata.str1.1
                0x00800061       0x24 ./main.o
 *(.gnu.linkonce.d*)
                0x00800086                . = ALIGN (0x2)
 *fill*         0x00800085        0x1 
                0x00800086                _edata = .
                0x00800086                PROVIDE (__data_end, .)

.bss            0x00800086       0x99
                0x00800086                PROVIDE (__bss_start, .)
 *(.bss)
 *(.bss*)
 .bss.set_first_time_into_RX_MODE_after_TX_MODE
                0x00800086        0x1 ./nRF24L01/nRF24L01.o
                0x00800086                set_first_time_into_RX_MODE_after_TX_MODE
 .bss.nRF_RX_Event_Callback
                0x00800087        0x2 ./nRF24L01/nRF24L01.o
 *(COMMON)
 COMMON         0x00800089       0x25 ./nRF24L01/nRF24L01.o
                0x00800089                nRF_RX_bufffer
                0x008000aa                TX_flag
                0x008000ab                disable_dynamic_payload
                0x008000ac                payload_width
                0x008000ad                RX_flag
 COMMON         0x008000ae       0x34 ./MKUART/mkuart.o
                0x008000ae                UART_TxHead
                0x008000af                UART_TxTail
                0x008000b0                UART_TxBuf
                0x008000c0                UART_RxHead
                0x008000c1                UART_RxTail
                0x008000c2                UART_RxBuf
 COMMON         0x008000e2       0x2a ./BMP180/bmp180.o
                0x008000e2                t
                0x008000e6                p
                0x008000ea                MD
                0x008000ec                AC1
                0x008000ee                AC6
                0x008000f0                up
                0x008000f4                AC5
                0x008000f6                B5
                0x008000fa                AC4
                0x008000fc                MB
                0x008000fe                AC2
                0x00800100                AC3
                0x00800102                B2
                0x00800104                ut
                0x00800108                B1
                0x0080010a                MC
 COMMON         0x0080010c       0x13 ./main.o
                0x0080010c                prog_timer1
                0x0080010e                htu21_humid
                0x00800112                bmp180_temp
                0x00800116                htu21_test
                0x00800119                bmp180_press
                0x0080011d                htu21_h
                0x0080011f                PROVIDE (__bss_end, .)
                0x0000139a                __data_load_start = LOADADDR (.data)
                0x000013c0                __data_load_end = (__data_load_start + SIZEOF (.data))

.noinit         0x0080011f        0x0
                0x0080011f                PROVIDE (__noinit_start, .)
 *(.noinit*)
                0x0080011f                PROVIDE (__noinit_end, .)
                0x0080011f                _end = .
                0x0080011f                PROVIDE (__heap_start, .)

.eeprom         0x00810000        0x0
 *(.eeprom*)
                0x00810000                __eeprom_end = .

.fuse
 *(.fuse)
 *(.lfuse)
 *(.hfuse)
 *(.efuse)

.lock
 *(.lock*)

.signature
 *(.signature*)

.user_signatures
 *(.user_signatures*)

.stab           0x00000000      0x9fc
 *(.stab)
 .stab          0x00000000      0x6cc c:/program files (x86)/atmel/avr tools/avr toolchain/bin/../lib/gcc/avr/4.7.2/../../../../avr/lib/avr5/crtm32.o
 .stab          0x000006cc      0x1b0 c:/program files (x86)/atmel/avr tools/avr toolchain/bin/../lib/gcc/avr/4.7.2/../../../../avr/lib/avr5\libc.a(itoa.o)
                                0x1bc (size before relaxing)
 .stab          0x0000087c       0x18 c:/program files (x86)/atmel/avr tools/avr toolchain/bin/../lib/gcc/avr/4.7.2/../../../../avr/lib/avr5\libc.a(ltoa.o)
                                0x2a0 (size before relaxing)
 .stab          0x00000894       0x90 c:/program files (x86)/atmel/avr tools/avr toolchain/bin/../lib/gcc/avr/4.7.2/../../../../avr/lib/avr5\libc.a(eerd_byte_atmega32.o)
                                 0x9c (size before relaxing)
 .stab          0x00000924       0xd8 c:/program files (x86)/atmel/avr tools/avr toolchain/bin/../lib/gcc/avr/4.7.2/../../../../avr/lib/avr5\libc.a(strrev.o)
                                 0xe4 (size before relaxing)

.stabstr        0x00000000      0x270
 *(.stabstr)
 .stabstr       0x00000000      0x270 c:/program files (x86)/atmel/avr tools/avr toolchain/bin/../lib/gcc/avr/4.7.2/../../../../avr/lib/avr5/crtm32.o

.stab.excl
 *(.stab.excl)

.stab.exclstr
 *(.stab.exclstr)

.stab.index
 *(.stab.index)

.stab.indexstr
 *(.stab.indexstr)

.comment        0x00000000       0x2f
 *(.comment)
 .comment       0x00000000       0x2f ./nRF24L01/SPI.o
                                 0x30 (size before relaxing)
 .comment       0x00000000       0x30 ./nRF24L01/nRF24L01.o
 .comment       0x00000000       0x30 ./MKUART/mkuart.o
 .comment       0x00000000       0x30 ./LCD/lcd44780.o
 .comment       0x00000000       0x30 ./I2C_TWI/i2c_twi.o
 .comment       0x00000000       0x30 ./HTU21/htu21.o
 .comment       0x00000000       0x30 ./BMP180/bmp180.o
 .comment       0x00000000       0x30 ./main.o

.debug
 *(.debug)

.line
 *(.line)

.debug_srcinfo
 *(.debug_srcinfo)

.debug_sfnames
 *(.debug_sfnames)

.debug_aranges
 *(.debug_aranges)

.debug_pubnames
 *(.debug_pubnames)

.debug_info
 *(.debug_info)
 *(.gnu.linkonce.wi.*)

.debug_abbrev
 *(.debug_abbrev)

.debug_line
 *(.debug_line)

.debug_frame
 *(.debug_frame)

.debug_str
 *(.debug_str)

.debug_loc
 *(.debug_loc)

.debug_macinfo
 *(.debug_macinfo)

.debug_pubtypes
 *(.debug_pubtypes)

.debug_ranges
 *(.debug_ranges)

.debug_macro
 *(.debug_macro)
OUTPUT(33_METEO_nRF_RX_ATmega32_v2.elf elf32-avr)
LOAD linker stubs
